USER_ALREADY_EXSISTS_ERROR
EMAIL_NOT_FOUND_ERROR